Function(['first', 'second', 'stop'], Expressions([While(Expressions([BinaryOperation(UnaryOperation(Number('0'), 'not'), 'and', UnaryOperation(Number('0'), 'not'))]), Expressions([IfOtherwise(Expressions([BinaryOperation(Variable('first'), '<', Variable('stop'))]), Expressions([AssignmentOperation('temporary', Variable('first')), AssignmentOperation('first', Variable('second')), AssignmentOperation('second', BinaryOperation(Variable('temporary'), '+', Variable('second')))]), Break()), Continue()])), Return(Number('0'))]))Number(0)List([Number(1), Null(), Text('"text"')])Number(2)Null()Function([], Expressions([FunctionDefinition('b', [], Return(List([Number('1'), List([Number('1'), Number('2'), List([Number('2'), Number('3')])])]))), Return(Variable('b'))]))Number(2)Null()Null()