[Token('symbol', 'VAriable_name'),Token('operator', '='),Token('number', '.2'),Token('end', ';'),Token('symbol', 'variable_name'),Token('operator', '='),Token('number', '10'),Token('number', '.2'),Token('end', ';'),Token('symbol', 'variable_name_2'),Token('operator', '='),Token('text', 'a string'),Token('end', ';'),Token('number', '10'),Token('operator', '+'),Token('number', '2'),Token('number', '.2'),Token('end', ';'),Token('number', '22'),Token('operator', '+'),Token('text', '17'),Token('end', ';'),Token('number', '22'),Token('operator', '+'),Token('text', 'a'),Token('end', ';'),Token('number', '23'),Token('operator', '+'),Token('number', '1'),Token('list-element', ','),Token('number', '2'),Token('list-element', ','),Token('number', '3'),Token('list-element', ','),Token('end', ';'),Token('number', '2'),Token('operator', '+'),Token('null', 'null'),Token('end', ';'),Token('text', '22'),Token('operator', '+'),Token('number', '23'),Token('end', ';'),Token('text', 'asf'),Token('operator', '+'),Token('text', 'ghk'),Token('end', ';'),Token('text', 'df'),Token('operator', '+'),Token('number', '1'),Token('list-element', ','),Token('number', '2'),Token('list-element', ','),Token('number', '3'),Token('list-element', ','),Token('end', ';'),Token('text', 'c'),Token('operator', '+'),Token('null', 'null'),Token('end', ';'),Token('number', '1'),Token('list-element', ','),Token('number', '2'),Token('list-element', ','),Token('number', '3'),Token('list-element', ','),Token('operator', '+'),Token('number', '6'),Token('end', ';'),Token('number', '1'),Token('list-element', ','),Token('number', '2'),Token('list-element', ','),Token('number', '3'),Token('list-element', ','),Token('operator', '+'),Token('text', '2f'),Token('end', ';'),Token('number', '1'),Token('list-element', ','),Token('number', '2'),Token('list-element', ','),Token('number', '3'),Token('list-element', ','),Token('operator', '+'),Token('number', '2'),Token('list-element', ','),Token('number', '3'),Token('list-element', ','),Token('end', ';'),Token('number', '1'),Token('list-element', ','),Token('number', '2'),Token('list-element', ','),Token('number', '3'),Token('list-element', ','),Token('operator', '+'),Token('null', 'null'),Token('end', ';'),Token('null', 'null'),Token('operator', '+'),Token('number', '1'),Token('end', ';'),Token('null', 'null'),Token('operator', '+'),Token('text', '2'),Token('end', ';'),Token('null', 'null'),Token('operator', '+'),Token('text', 'a'),Token('end', ';'),Token('null', 'null'),Token('operator', '+'),Token('number', '1'),Token('list-element', ','),Token('number', '2'),Token('list-element', ','),Token('number', '3'),Token('list-element', ','),Token('end', ';'),Token('null', 'null'),Token('operator', '+'),Token('null', 'null'),Token('end', ';'),Token('number', '2'),Token('operator', '-'),Token('number', '7'),Token('end', ';'),Token('number', '3'),Token('operator', '-'),Token('text', '1'),Token('end', ';'),Token('number', '3'),Token('operator', '-'),Token('text', 'a'),Token('end', ';'),Token('number', '5'),Token('operator', '-'),Token('number', '1'),Token('list-element', ','),Token('number', '2'),Token('list-element', ','),Token('number', '3'),Token('list-element', ','),Token('end', ';'),Token('number', '2'),Token('operator', '-'),Token('number', '1'),Token('list-element', ','),Token('number', '2'),Token('list-element', ','),Token('number', '3'),Token('list-element', ','),Token('number', '5'),Token('list-element', ','),Token('end', ';'),Token('number', '2'),Token('operator', '-'),Token('null', 'null'),Token('end', ';'),Token('text', 'a3t42847766t'),Token('operator', '-'),Token('number', '76'),Token('end', ';'),Token('text', 'sdf'),Token('operator', '-'),Token('text', 'f'),Token('end', ';'),Token('text', 'fff'),Token('operator', '-'),Token('number', '1'),Token('list-element', ','),Token('number', '2'),Token('list-element', ','),Token('text', 'f'),Token('list-element', ','),Token('end', ';'),Token('text', 'asf'),Token('operator', '-'),Token('null', 'null'),Token('end', ';'),Token('number', '1'),Token('list-element', ','),Token('number', '2'),Token('list-element', ','),Token('number', '3'),Token('list-element', ','),Token('number', '2'),Token('list-element', ','),Token('operator', '-'),Token('number', '2'),Token('end', ';'),Token('number', '1'),Token('list-element', ','),Token('number', '2'),Token('list-element', ','),Token('operator', '-'),Token('text', '2'),Token('end', ';'),Token('number', '2'),Token('list-element', ','),Token('number', '3'),Token('list-element', ','),Token('operator', '-'),Token('number', '3'),Token('list-element', ','),Token('number', '3'),Token('list-element', ','),Token('end', ';'),Token('number', '1'),Token('list-element', ','),Token('number', '3'),Token('list-element', ','),Token('operator', '-'),Token('null', 'null'),Token('end', ';'),Token('null', 'null'),Token('operator', '-'),Token('number', '1'),Token('end', ';'),Token('null', 'null'),Token('operator', '-'),Token('text', '2'),Token('end', ';'),Token('null', 'null'),Token('operator', '-'),Token('text', 'a'),Token('end', ';'),Token('null', 'null'),Token('operator', '-'),Token('number', '1'),Token('list-element', ','),Token('number', '2'),Token('list-element', ','),Token('end', ';'),Token('null', 'null'),Token('operator', '-'),Token('null', 'null'),Token('end', ';'),Token('number', '2'),Token('operator', '*'),Token('number', '2'),Token('end', ';'),Token('number', '13'),Token('operator', '*'),Token('text', '2'),Token('end', ';'),Token('number', '13'),Token('operator', '*'),Token('text', 'a'),Token('end', ';'),Token('number', '2'),Token('operator', '*'),Token('number', '1'),Token('list-element', ','),Token('number', '2'),Token('list-element', ','),Token('end', ';'),Token('number', '3'),Token('operator', '*'),Token('null', 'null'),Token('end', ';'),Token('text', '21'),Token('operator', '*'),Token('number', '6'),Token('end', ';'),Token('text', '3'),Token('operator', '*'),Token('text', '5'),Token('end', ';'),Token('text', 'a'),Token('operator', '*'),Token('text', '5'),Token('end', ';'),Token('text', 'dd'),Token('operator', '*'),Token('text', 'as'),Token('end', ';'),Token('text', '2'),Token('operator', '*'),Token('number', '1'),Token('list-element', ','),Token('number', '2'),Token('list-element', ','),Token('end', ';'),Token('text', 'a'),Token('operator', '*'),Token('number', '1'),Token('list-element', ','),Token('number', '2'),Token('list-element', ','),Token('end', ';'),Token('text', 'asd'),Token('operator', '*'),Token('null', 'null'),Token('end', ';'),Token('number', '1'),Token('list-element', ','),Token('number', '2'),Token('list-element', ','),Token('operator', '*'),Token('number', '2'),Token('end', ';'),Token('number', '1'),Token('list-element', ','),Token('number', '2'),Token('list-element', ','),Token('operator', '*'),Token('text', '3'),Token('end', ';'),Token('number', '1'),Token('list-element', ','),Token('number', '2'),Token('list-element', ','),Token('operator', '*'),Token('text', 'as2d'),Token('end', ';'),Token('number', '1'),Token('list-element', ','),Token('number', '2'),Token('list-element', ','),Token('operator', '*'),Token('number', '1'),Token('list-element', ','),Token('number', '2'),Token('list-element', ','),Token('number', '3'),Token('list-element', ','),Token('end', ';'),Token('number', '1'),Token('list-element', ','),Token('number', '3'),Token('list-element', ','),Token('operator', '*'),Token('null', 'null'),Token('end', ';'),Token('null', 'null'),Token('operator', '*'),Token('number', '2'),Token('end', ';'),Token('null', 'null'),Token('operator', '*'),Token('text', '3'),Token('end', ';'),Token('null', 'null'),Token('operator', '*'),Token('text', 'a'),Token('end', ';'),Token('null', 'null'),Token('operator', '*'),Token('number', '1'),Token('list-element', ','),Token('number', '2'),Token('list-element', ','),Token('end', ';'),Token('null', 'null'),Token('operator', '*'),Token('null', 'null'),Token('end', ';'),Token('number', '5'),Token('operator', '/'),Token('number', '2'),Token('end', ';'),Token('number', '3'),Token('operator', '/'),Token('text', '1'),Token('end', ';'),Token('number', '2'),Token('operator', '/'),Token('text', 'a'),Token('end', ';'),Token('number', '5'),Token('operator', '/'),Token('number', '1'),Token('list-element', ','),Token('number', '2'),Token('list-element', ','),Token('end', ';'),Token('number', '4'),Token('operator', '/'),Token('null', 'null'),Token('end', ';'),Token('number', '10'),Token('operator', '/'),Token('number', '0'),Token('end', ';'),Token('text', 'a'),Token('operator', '/'),Token('number', '2'),Token('end', ';'),Token('text', '5'),Token('operator', '/'),Token('number', '2'),Token('end', ';'),Token('text', '5'),Token('operator', '/'),Token('text', '2'),Token('end', ';'),Token('text', '25'),Token('operator', '/'),Token('number', '1'),Token('list-element', ','),Token('number', '2'),Token('list-element', ','),Token('end', ';'),Token('text', 'f2'),Token('operator', '/'),Token('null', 'null'),Token('end', ';'),Token('text', '4'),Token('operator', '/'),Token('text', '0'),Token('end', ';'),Token('number', '1'),Token('list-element', ','),Token('number', '2'),Token('list-element', ','),Token('operator', '/'),Token('number', '1'),Token('end', ';'),Token('number', '1'),Token('list-element', ','),Token('operator', '/'),Token('number', '2'),Token('end', ';'),Token('number', '2'),Token('list-element', ','),Token('number', '3'),Token('list-element', ','),Token('number', '4'),Token('list-element', ','),Token('operator', '/'),Token('text', 'a'),Token('end', ';'),Token('number', '2'),Token('list-element', ','),Token('number', '3'),Token('operator', '/'),Token('number', '2'),Token('list-element', ','),Token('end', ';'),Token('number', '2'),Token('list-element', ','),Token('number', '3'),Token('list-element', ','),Token('operator', '/'),Token('null', 'null'),Token('end', ';'),Token('null', 'null'),Token('operator', '/'),Token('number', '4'),Token('end', ';'),Token('null', 'null'),Token('operator', '/'),Token('text', '.2'),Token('end', ';'),Token('null', 'null'),Token('operator', '/'),Token('text', 'a'),Token('end', ';'),Token('null', 'null'),Token('operator', '/'),Token('number', '1'),Token('list-element', ','),Token('number', '2'),Token('list-element', ','),Token('end', ';'),Token('null', 'null'),Token('operator', '/'),Token('null', 'null'),Token('end', ';'),Token('number', '2'),Token('operator', '^'),Token('number', '3'),Token('end', ';'),Token('number', '2'),Token('operator', '^'),Token('text', '2'),Token('end', ';'),Token('number', '2'),Token('operator', '^'),Token('text', 'a'),Token('end', ';'),Token('number', '3'),Token('operator', '^'),Token('number', '1'),Token('list-element', ','),Token('number', '2'),Token('list-element', ','),Token('end', ';'),Token('number', '2'),Token('operator', '^'),Token('null', 'null'),Token('end', ';'),Token('text', 'a'),Token('operator', '^'),Token('number', '2'),Token('end', ';'),Token('text', '2'),Token('operator', '^'),Token('number', '3'),Token('end', ';'),Token('text', 'df'),Token('operator', '^'),Token('text', 'a'),Token('end', ';'),Token('text', 'asd'),Token('operator', '^'),Token('number', '1'),Token('list-element', ','),Token('number', '2'),Token('list-element', ','),Token('end', ';'),Token('text', 'asd'),Token('operator', '^'),Token('null', 'null'),Token('end', ';'),Token('number', '1'),Token('list-element', ','),Token('number', '2'),Token('list-element', ','),Token('operator', '^'),Token('number', '1'),Token('end', ';'),Token('number', '1'),Token('list-element', ','),Token('number', '2'),Token('list-element', ','),Token('operator', '^'),Token('text', 'a'),Token('end', ';'),Token('number', '1'),Token('list-element', ','),Token('number', '2'),Token('list-element', ','),Token('operator', '^'),Token('number', '1'),Token('list-element', ','),Token('end', ';'),Token('number', '1'),Token('list-element', ','),Token('number', '2'),Token('list-element', ','),Token('operator', '^'),Token('null', 'null'),Token('end', ';'),Token('null', 'null'),Token('operator', '^'),Token('number', '1'),Token('end', ';'),Token('null', 'null'),Token('operator', '^'),Token('text', '2'),Token('null', 'null'),Token('operator', '^'),Token('number', '1'),Token('list-element', ','),Token('number', '2'),Token('list-element', ','),Token('end', ';'),Token('null', 'null'),Token('operator', '^'),Token('null', 'null'),Token('end', ';'),Token('number', '5'),Token('operator', '%'),Token('number', '2'),Token('end', ';'),Token('number', '5'),Token('operator', '%'),Token('text', '2'),Token('end', ';'),Token('number', '5'),Token('operator', '%'),Token('text', 'a'),Token('end', ';'),Token('number', '3'),Token('operator', '%'),Token('number', '1'),Token('list-element', ','),Token('number', '2'),Token('list-element', ','),Token('text', 'df'),Token('list-element', ','),Token('end', ';'),Token('number', '2'),Token('operator', '%'),Token('null', 'null'),Token('end', ';'),Token('number', '3'),Token('operator', '%'),Token('number', '0'),Token('end', ';'),Token('number', '2'),Token('operator', '%'),Token('text', '0'),Token('end', ';'),Token('text', 'a'),Token('operator', '%'),Token('number', '2'),Token('end', ';'),Token('text', '2'),Token('operator', '%'),Token('number', '2'),Token('end', ';'),Token('text', 'd'),Token('operator', '%'),Token('text', 'a'),Token('end', ';'),Token('text', '2'),Token('operator', '%'),Token('text', '1'),Token('end', ';'),Token('text', 'asd'),Token('operator', '%'),Token('number', '1'),Token('list-element', ','),Token('number', '2'),Token('list-element', ','),Token('end', ';'),Token('text', 'asd'),Token('operator', '%'),Token('null', 'null'),Token('end', ';'),Token('number', '1'),Token('list-element', ','),Token('number', '2'),Token('list-element', ','),Token('operator', '%'),Token('number', '1'),Token('end', ';'),Token('number', '1'),Token('list-element', ','),Token('number', '2'),Token('list-element', ','),Token('operator', '%'),Token('text', 'a'),Token('end', ';'),Token('number', '1'),Token('list-element', ','),Token('number', '2'),Token('list-element', ','),Token('operator', '%'),Token('number', '1'),Token('list-element', ','),Token('number', '2'),Token('list-element', ','),Token('end', ';'),Token('number', '1'),Token('list-element', ','),Token('number', '2'),Token('list-element', ','),Token('operator', '%'),Token('null', 'null'),Token('end', ';'),Token('null', 'null'),Token('operator', '%'),Token('number', '1'),Token('end', ';'),Token('null', 'null'),Token('operator', '%'),Token('text', '2'),Token('end', ';'),Token('null', 'null'),Token('operator', '%'),Token('text', 'a'),Token('end', ';'),Token('null', 'null'),Token('operator', '%'),Token('number', '1'),Token('list-element', ','),Token('number', '2'),Token('list-element', ','),Token('end', ';'),Token('null', 'null'),Token('operator', '%'),Token('null', 'null'),Token('end', ';'),Token('keyword', 'input'),Token('symbol', 'variable_name'),Token('end', ';'),Token('keyword', 'output'),Token('symbol', 'variable_name'),Token('end', ';'),Token('keyword', 'error'),Token('symbol', 'variable_name'),Token('end', ';'),Token('symbol', 'condition'),Token('operator', '='),Token('number', '1'),Token('keyword', 'while'),Token('symbol', 'condition'),Token('left-bracket', '('),Token('symbol', 'condition'),Token('operator', '='),Token('number', '0'),Token('end', ';'),Token('right-bracket', ')'),Token('end', ';'),Token('keyword', 'if'),Token('symbol', 'condition'),Token('left-bracket', '('),Token('symbol', 'a'),Token('operator', '='),Token('number', '2'),Token('end', ';'),Token('right-bracket', ')'),Token('keyword', 'otherwise'),Token('left-bracket', '('),Token('symbol', 'a'),Token('operator', '='),Token('number', '3'),Token('end', ';'),Token('right-bracket', ')'),Token('end', ';'),Token('keyword', 'if'),Token('symbol', 'condition'),Token('left-bracket', '('),Token('symbol', 'a'),Token('operator', '='),Token('number', '2'),Token('end', ';'),Token('right-bracket', ')'),Token('end', ';'),Token('keyword', 'function'),Token('symbol', 'function_name'),Token('left-bracket', '('),Token('symbol', 'parameter_1'),Token('list-element', ','),Token('symbol', 'parameter_2'),Token('right-bracket', ')'),Token('left-bracket', '('),Token('symbol', 'parameter_1'),Token('operator', '='),Token('symbol', 'parameter_2'),Token('end', ';'),Token('symbol', 'return'),Token('symbol', 'parameter1'),Token('end', ';'),Token('right-bracket', ')'),Token('end', ';'),Token('symbol', 'function_name'),Token('left-bracket', '('),Token('number', '1'),Token('list-element', ','),Token('number', '2'),Token('right-bracket', ')'),Token('end', ';'),Token('keyword', 'import'),Token('symbol', 'sample'),Token('end', ';'),Token('symbol', 'function_name'),Token('left-bracket', '('),Token('number', '2'),Token('list-element', ','),Token('number', '2'),Token('right-bracket', ')'),Token('end', ';'),Token('symbol', 'file'),Token('text', 'README.md'),Token('symbol', 'read'),Token('symbol', 'variable_name'),Token('end', ';'),Token('symbol', 'file'),Token('text', 'README.md'),Token('symbol', 'write'),Token('symbol', 'variable_name'),Token('end', ';'),Token('keyword', 'convert'),Token('symbol', 'variable_name'),Token('keyword', 'number'),Token('end', ';'),Token('keyword', 'convert'),Token('symbol', 'variable_name'),Token('keyword', 'text'),Token('end', ';'),Token('keyword', 'convert'),Token('symbol', 'variable_name'),Token('keyword', 'list'),Token('end', ';'),Token('symbol', 'a_list'),Token('operator', '='),Token('number', '1'),Token('list-element', ','),Token('number', '2'),Token('list-element', ','),Token('number', '3'),Token('list-element', ','),Token('text', 'a'),Token('list-element', ','),Token('end', ';'),Token('symbol', 'a_list'),Token('left-square', '['),Token('number', '0'),Token('right-square', ']'),Token('end', ';'),Token('symbol', 'i'),Token('operator', '='),Token('number', '0'),Token('end', ';'),Token('keyword', 'while'),Token('left-bracket', '('),Token('symbol', 'i'),Token('operator', '<'),Token('number', '100'),Token('right-bracket', ')'),Token('left-bracket', '('),Token('symbol', 'i'),Token('operator', '='),Token('symbol', 'i'),Token('operator', '+'),Token('number', '1'),Token('end', ';'),Token('keyword', 'if'),Token('left-bracket', '('),Token('symbol', 'i'),Token('operator', '>'),Token('number', '20'),Token('right-bracket', ')'),Token('left-bracket', '('),Token('keyword', 'break'),Token('end', ';'),Token('right-bracket', ')'),Token('symbol', 'else'),Token('left-bracket', '('),Token('keyword', 'output'),Token('symbol', 'i'),Token('end', ';'),Token('right-bracket', ')'),Token('end', ';'),Token('right-bracket', ')'),Token('end', ';'),Token('keyword', 'while'),Token('number', '1'),Token('left-bracket', '('),Token('keyword', 'continue'),Token('end', ';'),Token('right-bracket', ')'),Token('end', ';'),Token('keyword', 'if'),Token('left-bracket', '('),Token('operator', 'not'),Token('number', '1'),Token('right-bracket', ')'),Token('left-bracket', '('),Token('symbol', 'a'),Token('operator', '='),Token('number', '2'),Token('end', ';'),Token('right-bracket', ')'),Token('end', ';'),Token('keyword', 'if'),Token('left-bracket', '('),Token('operator', 'not'),Token('text', ''),Token('right-bracket', ')'),Token('left-bracket', '('),Token('symbol', 'b'),Token('operator', '='),Token('number', '2'),Token('end', ';'),Token('right-bracket', ')'),Token('end', ';'),Token('keyword', 'if'),Token('left-bracket', '('),Token('number', '1'),Token('operator', 'is'),Token('number', '2'),Token('right-bracket', ')'),Token('left-bracket', '('),Token('symbol', 'a'),Token('operator', '='),Token('number', '2'),Token('end', ';'),Token('right-bracket', ')'),Token('end', ';'),Token('keyword', 'if'),Token('left-bracket', '('),Token('number', '1'),Token('operator', 'is'),Token('number', '1'),Token('right-bracket', ')'),Token('left-bracket', '('),Token('symbol', 'a'),Token('operator', '='),Token('number', '3'),Token('end', ';'),Token('right-bracket', ')'),Token('end', ';'),Token('keyword', 'if'),Token('left-bracket', '('),Token('number', '1'),Token('operator', 'is'),Token('number', '1'),Token('operator', 'and'),Token('number', '2'),Token('operator', 'is'),Token('number', '2'),Token('right-bracket', ')'),Token('left-bracket', '('),Token('symbol', 'a'),Token('operator', '='),Token('number', '2'),Token('end', ';'),Token('right-bracket', ')'),Token('end', ';'),Token('keyword', 'if'),Token('left-bracket', '('),Token('number', '1'),Token('operator', 'is'),Token('number', '2'),Token('operator', 'or'),Token('number', '1'),Token('operator', 'is'),Token('number', '1'),Token('right-bracket', ')'),Token('left-bracket', '('),Token('symbol', 'a'),Token('operator', '='),Token('number', '2'),Token('end', ';'),Token('right-bracket', ')'),Token('end', ';'),Token('keyword', 'if'),Token('left-bracket', '('),Token('operator', 'not'),Token('left-bracket', '('),Token('number', '1'),Token('operator', '>'),Token('number', '2'),Token('right-bracket', ')'),Token('right-bracket', ')'),Token('left-bracket', '('),Token('symbol', 'a'),Token('operator', '='),Token('number', '2'),Token('end', ';'),Token('right-bracket', ')'),Token('end', ';'),Token('keyword', 'if'),Token('left-bracket', '('),Token('number', '1'),Token('operator', '<'),Token('number', '2'),Token('right-bracket', ')'),Token('left-bracket', '('),Token('symbol', 'a'),Token('operator', '='),Token('number', '2'),Token('end', ';'),Token('right-bracket', ')')]